---
source: src/helixmtdb/cli/query.rs
expression: "&out_data"
---
{"chrom":"chrM","pos":11,"refAllele":"C","altAllele":"T","numTotal":196554,"numHet":1,"featureType":"non_coding","geneName":"MT-CRb"}

