---
source: src/helixmtdb/cli/query.rs
expression: "&out_data"
---
{"chrom":"chrM","pos":5,"refAllele":"A","altAllele":"C","numTotal":196554,"numHom":1,"featureType":"non_coding","geneName":"MT-CRb"}

