version https://git-lfs.github.com/spec/v1
oid sha256:e9fb7ce0ad3d01f368bf8c04c5d62a450a45a33aeb66fb5e2c890a71a569ce21
size 4841
