version https://git-lfs.github.com/spec/v1
oid sha256:0e639c658158e608d8f7e8a6b7df908982931be9746b8a35ca5922c8cfd4e860
size 80903
