version https://git-lfs.github.com/spec/v1
oid sha256:8d0d066a4116ce8707bdc2e143dd79182838d70d61cca8145d94dc43d6a67252
size 278646
