version https://git-lfs.github.com/spec/v1
oid sha256:236887926839607d1043271ce6de1e315c9499f1dee4b081bf099e7cf242069e
size 8517
