version https://git-lfs.github.com/spec/v1
oid sha256:159b060e61613440d04ee6564df0bdd27bbece00503329176d1912a435cb8796
size 21282
