version https://git-lfs.github.com/spec/v1
oid sha256:d46d9ca44889ed3027732042dd760efac47908fdb4838247297d942c1dd6f567
size 218
