---
source: src/freqs/cli/query.rs
expression: "&out_data"
---
{"gnomad_exomes":{"an":67766,"ac_hom":0,"ac_het":0,"ac_hemi":1},"gnomad_genomes":{"an":0,"ac_hom":0,"ac_het":0,"ac_hemi":0}}

