---
source: src/freqs/cli/query.rs
expression: "&out_data"
---
{"gnomad_exomes":{"an":179321,"ac_hom":0,"ac_het":1,"ac_hemi":0},"gnomad_genomes":{"an":0,"ac_hom":0,"ac_het":0,"ac_hemi":0}}

