---
source: src/gnomad_nuclear/cli/query.rs
expression: "&out_data"
---
{"chrom":"1","pos":55516888,"refAllele":"G","altAllele":"GA","vep":[{"allele":"A","consequence":"intron_variant","impact":"MODIFIER","symbol":"PCSK9","gene":"ENSG00000169174","featureType":"Transcript","feature":"ENST00000302118","featureBiotype":"protein_coding","intron":"3/11","hgvsc":"ENST00000302118.5:c.524-1063_524-1062insA","existingVariation":"rs527413419","dbsnpId":"1","strand":"1","variantClass":"insertion","minimised":"1","symbolSource":"HGNC","hgncId":"20001","canonical":true,"ccds":"CCDS603.1","ensp":"ENSP00000303208","swissprot":"Q8NBP7","uniparc":"UPI00001615E1","genePheno":"1","gmaf":0.0032,"amrMaf":0.0113,"easMaf":0.0014,"eurMaf":0.0,"sasMaf":0.0,"aaMaf":0.0},{"allele":"A","consequence":"frameshift_variant","impact":"HIGH","symbol":"PCSK9","gene":"ENSG00000169174","featureType":"Transcript","feature":"ENST00000452118","featureBiotype":"protein_coding","exon":"4/6","hgvsc":"ENST00000452118.2:c.547_548insA","hgvsp":"ENSP00000401598.2:p.Gly183GlufsTer23","cdnaPosition":"627-628","cdsPosition":"547-548","proteinPosition":"183","aminoAcids":"G/EX","codons":"ggc/gAgc","existingVariation":"rs527413419","dbsnpId":"1","strand":"1","variantClass":"insertion","minimised":"1","symbolSource":"HGNC","hgncId":"20001","ensp":"ENSP00000401598","trembl":"B4DEZ9","uniparc":"UPI00017A6F55","genePheno":"1","gmaf":0.0032,"amrMaf":0.0113,"easMaf":0.0014,"eurMaf":0.0,"sasMaf":0.0,"aaMaf":0.0,"lof":"HC","lofInfo":"GERP_DIST:364.1444&BP_DIST:304&PERCENTILE:0.885113268608414&DIST_FROM_LAST_EXON:210&50_BP_RULE:PASS&PHYLOCSF_TOO_SHORT"},{"allele":"A","consequence":"non_coding_transcript_exon_variant&non_coding_transcript_variant","impact":"MODIFIER","symbol":"PCSK9","gene":"ENSG00000169174","featureType":"Transcript","feature":"ENST00000490692","featureBiotype":"processed_transcript","exon":"1/8","hgvsc":"ENST00000490692.1:n.282_283insA","cdnaPosition":"282-283","existingVariation":"rs527413419","dbsnpId":"1","strand":"1","variantClass":"insertion","minimised":"1","symbolSource":"HGNC","hgncId":"20001","genePheno":"1","gmaf":0.0032,"amrMaf":0.0113,"easMaf":0.0014,"eurMaf":0.0,"sasMaf":0.0,"aaMaf":0.0},{"allele":"A","consequence":"intron_variant","impact":"MODIFIER","symbol":"PCSK9","gene":"ENSG00000169174","featureType":"Transcript","feature":"ENST00000543384","featureBiotype":"protein_coding","intron":"1/9","hgvsc":"ENST00000543384.1:c.-77-1063_-77-1062insA","existingVariation":"rs527413419","dbsnpId":"1","strand":"1","variantClass":"insertion","minimised":"1","symbolSource":"HGNC","hgncId":"20001","ensp":"ENSP00000441859","trembl":"F5GWF0","uniparc":"UPI000206501F","genePheno":"1","gmaf":0.0032,"amrMaf":0.0113,"easMaf":0.0014,"eurMaf":0.0,"sasMaf":0.0,"aaMaf":0.0}],"alleleCounts":[{"byPopulation":[{"population":"afr","counts":{"overall":{"ac":97,"an":6082,"nhomalt":2,"af":0.0159487},"xx":{"ac":66,"an":3486,"nhomalt":1,"af":0.0189329},"xy":{"ac":31,"an":2596,"nhomalt":1,"af":0.0119414}},"faf95":0.0133815,"faf99":0.0133811},{"population":"amr","counts":{"overall":{"ac":18,"an":24326,"af":0.000739949},"xx":{"ac":11,"an":14030,"af":0.000784034},"xy":{"ac":7,"an":10296,"af":0.000679876}},"faf95":0.0004775,"faf99":0.00047812},{"population":"asj","counts":{"overall":{"an":8088},"xx":{"an":3812},"xy":{"an":4276}}},{"population":"eas","counts":{"overall":{"an":10426},"xx":{"an":5084},"xy":{"an":5342}},"faf95":0.0,"faf99":0.0},{"population":"eas_jpn","counts":{"overall":{"an":10}}},{"population":"eas_oea","counts":{"overall":{"an":8548}}},{"population":"eas_kor","counts":{"overall":{"an":1868}}},{"population":"fin","counts":{"overall":{"an":5380},"xx":{"an":2762},"xy":{"an":2618}}},{"population":"nfe","counts":{"overall":{"ac":4,"an":47556,"af":0.0000841114},"xx":{"ac":2,"an":21402,"af":0.0000934492},"xy":{"ac":2,"an":26154,"af":0.0000764701}},"faf95":0.00002861,"faf99":0.00002821},{"population":"nfe_bgr","counts":{"overall":{"an":248}}},{"population":"nfe_est","counts":{"overall":{"an":130}}},{"population":"nfe_nwe","counts":{"overall":{"ac":4,"an":29854,"af":0.000133985}}},{"population":"nfe_onf","counts":{"overall":{"an":14498}}},{"population":"nfe_seu","counts":{"overall":{"an":1292}}},{"population":"nfe_swe","counts":{"overall":{"an":1534}}},{"population":"oth","counts":{"overall":{"ac":2,"an":3988,"af":0.000501505},"xx":{"ac":1,"an":1924,"af":0.000519751},"xy":{"ac":1,"an":2064,"af":0.000484496}}},{"population":"sas","counts":{"overall":{"an":22384},"xx":{"an":5516},"xy":{"an":16868}},"faf95":0.0,"faf99":0.0}],"bySex":{"overall":{"ac":121,"an":128230,"nhomalt":2,"af":0.000943617},"xx":{"ac":80,"an":58016,"nhomalt":1,"af":0.00137893},"xy":{"ac":41,"an":70214,"nhomalt":1,"af":0.000583929}},"raw":{"ac":125,"an":142752,"nhomalt":3,"af":0.000875644},"popmax":"afr","afPopmax":0.0159487,"acPopmax":97,"anPopmax":6082,"nhomaltPopmax":2},{"cohort":"controls","byPopulation":[{"population":"afr","counts":{"overall":{"ac":50,"an":2368,"nhomalt":1,"af":0.0211149},"xx":{"ac":31,"an":1344,"af":0.0230655},"xy":{"ac":19,"an":1024,"nhomalt":1,"af":0.0185547}},"faf95":0.0133815,"faf99":0.0133811},{"population":"amr","counts":{"overall":{"ac":12,"an":12120,"af":0.000990099},"xx":{"ac":8,"an":7112,"af":0.00112486},"xy":{"ac":4,"an":5008,"af":0.000798722}},"faf95":0.0004775,"faf99":0.00047812},{"population":"asj","counts":{"overall":{"an":1454},"xx":{"an":710},"xy":{"an":744}}},{"population":"eas","counts":{"overall":{"an":3994},"xx":{"an":2008},"xy":{"an":1986}},"faf95":0.0,"faf99":0.0},{"population":"eas_jpn","counts":{}},{"population":"eas_oea","counts":{"overall":{"an":3066}}},{"population":"eas_kor","counts":{"overall":{"an":928}}},{"population":"fin","counts":{"overall":{"an":1506},"xx":{"an":668},"xy":{"an":838}}},{"population":"nfe","counts":{"overall":{"ac":1,"an":18962,"af":0.0000527371},"xx":{"ac":1,"an":8658,"af":0.0001155},"xy":{"an":10304}},"faf95":0.00002861,"faf99":0.00002821},{"population":"nfe_bgr","counts":{"overall":{"an":74}}},{"population":"nfe_est","counts":{"overall":{"an":58}}},{"population":"nfe_nwe","counts":{"overall":{"ac":1,"an":12206,"af":0.0000819269}}},{"population":"nfe_onf","counts":{"overall":{"an":5932}}},{"population":"nfe_seu","counts":{"overall":{"an":318}}},{"population":"nfe_swe","counts":{"overall":{"an":374}}},{"population":"oth","counts":{"overall":{"an":1272},"xx":{"an":640},"xy":{"an":632}}},{"population":"sas","counts":{"overall":{"an":11062},"xx":{"an":2994},"xy":{"an":8068}},"faf95":0.0,"faf99":0.0}],"bySex":{"overall":{"ac":63,"an":52738,"nhomalt":1,"af":0.00119458},"xx":{"ac":40,"an":24134,"af":0.00165741}},"raw":{"ac":64,"an":57802,"nhomalt":1,"af":0.00110723},"popmax":"afr","afPopmax":0.0211149,"acPopmax":50,"anPopmax":2368,"nhomaltPopmax":1},{"cohort":"non_cancer","byPopulation":[{"population":"afr","counts":{"overall":{"ac":97,"an":6078,"nhomalt":2,"af":0.0159592},"xx":{"ac":66,"an":3486,"nhomalt":1,"af":0.0189329},"xy":{"ac":31,"an":2592,"nhomalt":1,"af":0.0119599}},"faf95":0.0133815,"faf99":0.0133811},{"population":"amr","counts":{"overall":{"ac":18,"an":24324,"af":0.00074001},"xx":{"ac":11,"an":14030,"af":0.000784034},"xy":{"ac":7,"an":10294,"af":0.000680008}},"faf95":0.0004775,"faf99":0.00047812},{"population":"asj","counts":{"overall":{"an":8086},"xx":{"an":3812},"xy":{"an":4274}}},{"population":"eas","counts":{"overall":{"an":10420},"xx":{"an":5084},"xy":{"an":5336}},"faf95":0.0,"faf99":0.0},{"population":"eas_jpn","counts":{"overall":{"an":10}}},{"population":"eas_oea","counts":{"overall":{"an":8542}}},{"population":"eas_kor","counts":{"overall":{"an":1868}}},{"population":"fin","counts":{"overall":{"an":5380},"xx":{"an":2762},"xy":{"an":2618}}},{"population":"nfe","counts":{"overall":{"ac":4,"an":47510,"af":0.0000841928},"xx":{"ac":2,"an":21382,"af":0.0000935366},"xy":{"ac":2,"an":26128,"af":0.0000765462}},"faf95":0.00002861,"faf99":0.00002821},{"population":"nfe_bgr","counts":{"overall":{"an":248}}},{"population":"nfe_est","counts":{"overall":{"an":128}}},{"population":"nfe_nwe","counts":{"overall":{"ac":4,"an":29840,"af":0.000134048}}},{"population":"nfe_onf","counts":{"overall":{"an":14470}}},{"population":"nfe_seu","counts":{"overall":{"an":1292}}},{"population":"nfe_swe","counts":{"overall":{"an":1532}}},{"population":"oth","counts":{"overall":{"ac":2,"an":3988,"af":0.000501505},"xx":{"ac":1,"an":1924,"af":0.000519751},"xy":{"ac":1,"an":2064,"af":0.000484496}}},{"population":"sas","counts":{"overall":{"an":22384},"xx":{"an":5516},"xy":{"an":16868}},"faf95":0.0,"faf99":0.0}],"bySex":{"overall":{"ac":121,"an":128170,"nhomalt":2,"af":0.000944059},"xx":{"ac":80,"an":57996,"nhomalt":1,"af":0.00137941}},"raw":{"ac":123,"an":139372,"nhomalt":2,"af":0.00088253},"popmax":"afr","afPopmax":0.0159592,"acPopmax":97,"anPopmax":6078,"nhomaltPopmax":2},{"cohort":"non_neuro","byPopulation":[{"population":"afr","counts":{"overall":{"ac":97,"an":6050,"nhomalt":2,"af":0.0160331},"xx":{"ac":66,"an":3474,"nhomalt":1,"af":0.0189983},"xy":{"ac":31,"an":2576,"nhomalt":1,"af":0.0120342}},"faf95":0.0133815,"faf99":0.0133811},{"population":"amr","counts":{"overall":{"ac":13,"an":20320,"af":0.000639764},"xx":{"ac":8,"an":12050,"af":0.0006639},"xy":{"ac":5,"an":8270,"af":0.000604595}},"faf95":0.0004775,"faf99":0.00047812},{"population":"asj","counts":{"overall":{"an":4460},"xx":{"an":2092},"xy":{"an":2368}}},{"population":"eas","counts":{"overall":{"an":7920},"xx":{"an":3824},"xy":{"an":4096}},"faf95":0.0,"faf99":0.0},{"population":"eas_jpn","counts":{"overall":{"an":8}}},{"population":"eas_oea","counts":{"overall":{"an":6046}}},{"population":"eas_kor","counts":{"overall":{"an":1866}}},{"population":"fin","counts":{"overall":{"an":3506},"xx":{"an":1604},"xy":{"an":1902}}},{"population":"nfe","counts":{"overall":{"ac":2,"an":42406,"af":0.0000471631},"xx":{"ac":1,"an":19602,"af":0.0000510152},"xy":{"ac":1,"an":22804,"af":0.000043852}},"faf95":0.00002861,"faf99":0.00002821},{"population":"nfe_bgr","counts":{"overall":{"an":224}}},{"population":"nfe_est","counts":{"overall":{"an":118}}},{"population":"nfe_nwe","counts":{"overall":{"ac":2,"an":26018,"af":0.0000768699}}},{"population":"nfe_onf","counts":{"overall":{"an":13456}}},{"population":"nfe_seu","counts":{"overall":{"an":1110}}},{"population":"nfe_swe","counts":{"overall":{"an":1480}}},{"population":"oth","counts":{"overall":{"ac":2,"an":3284,"af":0.000609013},"xx":{"ac":1,"an":1628,"af":0.000614251},"xy":{"ac":1,"an":1656,"af":0.000603865}}},{"population":"sas","counts":{"overall":{"an":22382},"xx":{"an":5516},"xy":{"an":16866}},"faf95":0.0,"faf99":0.0}],"bySex":{"overall":{"ac":114,"an":110328,"nhomalt":2,"af":0.00103328},"xx":{"ac":76,"an":49790,"nhomalt":1,"af":0.00152641}},"raw":{"ac":118,"an":121616,"nhomalt":3,"af":0.000970267},"popmax":"afr","afPopmax":0.0160331,"acPopmax":97,"anPopmax":6050,"nhomaltPopmax":2},{"cohort":"non_topmed","byPopulation":[{"population":"afr","counts":{"overall":{"ac":90,"an":5912,"nhomalt":2,"af":0.0152233},"xx":{"ac":61,"an":3372,"nhomalt":1,"af":0.0180902},"xy":{"ac":29,"an":2540,"nhomalt":1,"af":0.0114173}},"faf95":0.0133815,"faf99":0.0133811},{"population":"amr","counts":{"overall":{"ac":18,"an":24272,"af":0.000741595},"xx":{"ac":11,"an":14000,"af":0.000785714},"xy":{"ac":7,"an":10272,"af":0.000681464}},"faf95":0.0004775,"faf99":0.00047812},{"population":"asj","counts":{"overall":{"an":8048},"xx":{"an":3794},"xy":{"an":4254}}},{"population":"eas","counts":{"overall":{"an":10422},"xx":{"an":5084},"xy":{"an":5338}},"faf95":0.0,"faf99":0.0},{"population":"eas_jpn","counts":{"overall":{"an":10}}},{"population":"eas_oea","counts":{"overall":{"an":8544}}},{"population":"eas_kor","counts":{"overall":{"an":1868}}},{"population":"fin","counts":{"overall":{"an":5378},"xx":{"an":2760},"xy":{"an":2618}}},{"population":"nfe","counts":{"overall":{"ac":4,"an":46514,"af":0.0000859956},"xx":{"ac":2,"an":20834,"af":0.0000959969},"xy":{"ac":2,"an":25680,"af":0.0000778816}},"faf95":0.00002861,"faf99":0.00002821},{"population":"nfe_bgr","counts":{"overall":{"an":248}}},{"population":"nfe_est","counts":{"overall":{"an":126}}},{"population":"nfe_nwe","counts":{"overall":{"ac":4,"an":29112,"af":0.0001374}}},{"population":"nfe_onf","counts":{"overall":{"an":14202}}},{"population":"nfe_seu","counts":{"overall":{"an":1292}}},{"population":"nfe_swe","counts":{"overall":{"an":1534}}},{"population":"oth","counts":{"overall":{"ac":2,"an":3938,"af":0.000507872},"xx":{"ac":1,"an":1898,"af":0.00052687},"xy":{"ac":1,"an":2040,"af":0.000490196}}},{"population":"sas","counts":{"overall":{"an":22384},"xx":{"an":5516},"xy":{"an":16868}},"faf95":0.0,"faf99":0.0}],"bySex":{"overall":{"ac":114,"an":126868,"nhomalt":2,"af":0.000898572},"xx":{"ac":75,"an":57258,"nhomalt":1,"af":0.00130986}},"raw":{"ac":118,"an":140614,"nhomalt":3,"af":0.000839177},"popmax":"afr","afPopmax":0.0152233,"acPopmax":90,"anPopmax":5912,"nhomaltPopmax":2}],"rfInfo":{"rfTpProbability":0.831697,"rfPositiveLabel":true,"rfLabel":"TP","rfTrain":true},"variantInfo":{"variantType":"mixed","alleleType":"ins","nAltAlleles":3,"wasMixed":true},"qualityInfo":{"fs":0.568,"inbreedingCoeff":0.0346,"mq":59.75,"mqRankSum":0.459,"qd":15.76,"readPosRankSum":0.0,"vqsrPositiveTrainSite":true,"baseQRankSum":1.45,"clippingRankSum":0.137,"sor":0.767,"dp":3701481,"vqslod":6.1,"vqsrCulprit":"FS","pabMax":1.0},"ageInfo":{"ageHistHomNSmaller":0,"ageHistHomNLarger":0,"ageHistHetNSmaller":9,"ageHistHetNLarger":1},"depthInfo":{"dpHistAllNLarger":26,"dpHistAltNLarger":0}}

