---
source: src/gnomad_mtdna/cli/query.rs
expression: "&out_data"
---
{"chrom":"MT","pos":3,"refAllele":"T","altAllele":"C","variantCollapsed":"T3C","an":56434,"acHom":19,"acHet":1,"afHom":0.000336676,"afHet":0.0000177198,"vep":[{"allele":"C","consequence":"intergenic_variant","impact":"MODIFIER","featureType":"Intergenic","dbsnpId":"1","variantClass":"SNV"}],"qualityInfo":{"dpMean":2522.87,"mqMean":60.0,"tlodMean":6805.54},"heteroplasmyInfo":{"heteroplasmyBelowMinHetThresholdHist":[0,0,0,0,0,0,0,0,0,0],"hlHist":[0,0,0,0,0,0,0,0,1,19],"maxHl":0.997},"filterHistograms":{"baseQualHist":[0,0,0,0,0,0,0,0,0,0],"positionHist":[0,0,0,0,0,0,0,0,0,0],"strandBiasHist":[0,0,0,0,0,0,0,0,0,0],"weakEvidenceHist":[0,0,0,0,0,0,0,0,0,0],"contaminationHist":[0,0,0,0,0,0,0,0,0,0]},"populationInfo":{"popAn":[14347,392,5718,1415,1482,4892,25849,826,1493,20],"popAcHet":[0,0,0,0,0,0,1,0,0,0],"popAcHom":[0,0,0,0,0,0,19,0,0,0],"popAfHom":[0.0,0.0,0.0,0.0,0.0,0.0,0.000735038,0.0,0.0,0.0],"popAfHet":[0.0,0.0,0.0,0.0,0.0,0.0,0.0000386862,0.0,0.0,0.0],"popHlHist":[0,0,0,0,0,0,0,0,0,0,0,0,0,0,0,0,0,0,0,0,0,0,0,0,0,0,0,0,0,0,0,0,0,0,0,0,0,0,0,0,0,0,0,0,0,0,0,0,0,0,0,0,0,0,0,0,0,0,0,0,0,0,0,0,0,0,0,0,1,19,0,0,0,0,0,0,0,0,0,0,0,0,0,0,0,0,0,0,0,0,0,0,0,0,0,0,0,0,0,0]},"haplogroupInfo":{"hapAn":[2680,1537,868,603,34,282,91,14784,701,934,3144,2732,663,2977,4724,5672,126,1,1298,366,7,393,3080,6037,1234,819,546,12,89],"hapAcHet":[0,0,0,0,0,0,0,0,0,0,0,0,0,0,0,0,0,0,0,0,0,0,1,0,0,0,0,0,0],"hapAcHom":[0,0,0,0,0,0,0,1,0,0,0,0,0,0,0,0,0,0,0,0,0,0,17,1,0,0,0,0,0],"hapAfHet":[0.0,0.0,0.0,0.0,0.0,0.0,0.0,0.0,0.0,0.0,0.0,0.0,0.0,0.0,0.0,0.0,0.0,0.0,0.0,0.0,0.0,0.0,0.000324675,0.0,0.0,0.0,0.0,0.0,0.0],"hapAfHom":[0.0,0.0,0.0,0.0,0.0,0.0,0.0,0.0000676407,0.0,0.0,0.0,0.0,0.0,0.0,0.0,0.0,0.0,0.0,0.0,0.0,0.0,0.0,0.00551948,0.000165645,0.0,0.0,0.0,0.0,0.0],"hapHlHist":[0,0,0,0,0,0,0,0,0,0,0,0,0,0,0,0,0,0,0,0,0,0,0,0,0,0,0,0,0,0,0,0,0,0,0,0,0,0,0,0,0,0,0,0,0,0,0,0,0,0,0,0,0,0,0,0,0,0,0,0,0,0,0,0,0,0,0,0,0,0,0,0,0,0,0,0,0,0,0,1,0,0,0,0,0,0,0,0,0,0,0,0,0,0,0,0,0,0,0,0,0,0,0,0,0,0,0,0,0,0,0,0,0,0,0,0,0,0,0,0,0,0,0,0,0,0,0,0,0,0,0,0,0,0,0,0,0,0,0,0,0,0,0,0,0,0,0,0,0,0,0,0,0,0,0,0,0,0,0,0,0,0,0,0,0,0,0,0,0,0,0,0,0,0,0,0,0,0,0,0,0,0,0,0,0,0,0,0,0,0,0,0,0,0,0,0,0,0,0,0,0,0,0,0,0,0,0,0,0,0,0,0,0,0,0,0,0,0,0,0,0,0,0,0,0,0,0,0,1,17,0,0,0,0,0,0,0,0,0,1,0,0,0,0,0,0,0,0,0,0,0,0,0,0,0,0,0,0,0,0,0,0,0,0,0,0,0,0,0,0,0,0,0,0,0,0,0,0,0,0,0,0,0,0,0,0,0,0,0,0],"hapFafHom":[0.0,0.0,0.0,0.0,0.0,0.0,0.0,0.0,0.0,0.0,0.0,0.0,0.0,0.0,0.0,0.0,0.0,0.0,0.0,0.0,0.0,0.0,0.00351633,0.0,0.0,0.0,0.0,0.0,0.0],"hapmaxAfHom":"T","hapmaxAfHet":"T","fafHapmaxHom":0.00351633},"ageInfo":{"ageHistHomBinFreq":[0,1,0,2,1,0,0,2,0,0],"ageHistHomNSmaller":3,"ageHistHomNLarger":0,"ageHistHetBinFreq":[0,0,0,0,0,0,0,0,0,0],"ageHistHetNSmaller":0,"ageHistHetNLarger":0},"depthInfo":{"dpHistAllNLarger":35782,"dpHistAltNLarger":11,"dpHistAllBinFreq":[0,1,217,1234,2334,2600,2967,3324,3791,4184],"dpHistAltBinFreq":[0,0,0,0,2,0,1,4,2,0]}}

