---
source: src/gnomad_mtdna/cli/query.rs
expression: "&out_data"
---
{"chrom":"MT","pos":6,"refAllele":"C","altAllele":"CCTCAA","variantCollapsed":"C6CCTCAA","excludedAc":1,"an":56433,"filters":["Filter_NO_PASS_GENOTYPE"],"vep":[{"allele":"CTCAA","consequence":"intergenic_variant","impact":"MODIFIER","featureType":"Intergenic","dbsnpId":"1","variantClass":"insertion"}],"qualityInfo":{"dpMean":2527.78,"mqMean":60.0,"tlodMean":0.537},"heteroplasmyInfo":{"heteroplasmyBelowMinHetThresholdHist":[1,0,0,0,0,0,0,0,0,0],"hlHist":[0,0,0,0,0,0,0,0,0,0]},"filterHistograms":{"baseQualHist":[0,0,0,0,0,0,0,0,0,0],"positionHist":[0,0,0,0,0,0,0,0,0,0],"strandBiasHist":[0,0,0,0,0,0,0,0,0,0],"weakEvidenceHist":[0,0,0,0,0,0,0,0,0,0],"contaminationHist":[0,0,0,0,0,0,0,0,0,0]},"populationInfo":{"popAn":[14347,392,5717,1415,1482,4892,25849,826,1493,20],"popAcHet":[0,0,0,0,0,0,0,0,0,0],"popAcHom":[0,0,0,0,0,0,0,0,0,0],"popAfHom":[0.0,0.0,0.0,0.0,0.0,0.0,0.0,0.0,0.0,0.0],"popAfHet":[0.0,0.0,0.0,0.0,0.0,0.0,0.0,0.0,0.0,0.0],"popHlHist":[0,0,0,0,0,0,0,0,0,0,0,0,0,0,0,0,0,0,0,0,0,0,0,0,0,0,0,0,0,0,0,0,0,0,0,0,0,0,0,0,0,0,0,0,0,0,0,0,0,0,0,0,0,0,0,0,0,0,0,0,0,0,0,0,0,0,0,0,0,0,0,0,0,0,0,0,0,0,0,0,0,0,0,0,0,0,0,0,0,0,0,0,0,0,0,0,0,0,0,0]},"haplogroupInfo":{"hapAn":[2679,1537,868,603,34,282,91,14784,701,934,3144,2732,663,2977,4724,5672,126,1,1298,366,7,393,3080,6037,1234,819,546,12,89],"hapAcHet":[0,0,0,0,0,0,0,0,0,0,0,0,0,0,0,0,0,0,0,0,0,0,0,0,0,0,0,0,0],"hapAcHom":[0,0,0,0,0,0,0,0,0,0,0,0,0,0,0,0,0,0,0,0,0,0,0,0,0,0,0,0,0],"hapAfHet":[0.0,0.0,0.0,0.0,0.0,0.0,0.0,0.0,0.0,0.0,0.0,0.0,0.0,0.0,0.0,0.0,0.0,0.0,0.0,0.0,0.0,0.0,0.0,0.0,0.0,0.0,0.0,0.0,0.0],"hapAfHom":[0.0,0.0,0.0,0.0,0.0,0.0,0.0,0.0,0.0,0.0,0.0,0.0,0.0,0.0,0.0,0.0,0.0,0.0,0.0,0.0,0.0,0.0,0.0,0.0,0.0,0.0,0.0,0.0,0.0],"hapHlHist":[0,0,0,0,0,0,0,0,0,0,0,0,0,0,0,0,0,0,0,0,0,0,0,0,0,0,0,0,0,0,0,0,0,0,0,0,0,0,0,0,0,0,0,0,0,0,0,0,0,0,0,0,0,0,0,0,0,0,0,0,0,0,0,0,0,0,0,0,0,0,0,0,0,0,0,0,0,0,0,0,0,0,0,0,0,0,0,0,0,0,0,0,0,0,0,0,0,0,0,0,0,0,0,0,0,0,0,0,0,0,0,0,0,0,0,0,0,0,0,0,0,0,0,0,0,0,0,0,0,0,0,0,0,0,0,0,0,0,0,0,0,0,0,0,0,0,0,0,0,0,0,0,0,0,0,0,0,0,0,0,0,0,0,0,0,0,0,0,0,0,0,0,0,0,0,0,0,0,0,0,0,0,0,0,0,0,0,0,0,0,0,0,0,0,0,0,0,0,0,0,0,0,0,0,0,0,0,0,0,0,0,0,0,0,0,0,0,0,0,0,0,0,0,0,0,0,0,0,0,0,0,0,0,0,0,0,0,0,0,0,0,0,0,0,0,0,0,0,0,0,0,0,0,0,0,0,0,0,0,0,0,0,0,0,0,0,0,0,0,0,0,0,0,0,0,0,0,0,0,0,0,0,0,0,0,0,0,0,0,0],"hapFafHom":[0.0,0.0,0.0,0.0,0.0,0.0,0.0,0.0,0.0,0.0,0.0,0.0,0.0,0.0,0.0,0.0,0.0,0.0,0.0,0.0,0.0,0.0,0.0,0.0,0.0,0.0,0.0,0.0,0.0],"fafHapmaxHom":0.0},"ageInfo":{"ageHistHomBinFreq":[0,0,0,0,0,0,0,0,0,0],"ageHistHomNSmaller":0,"ageHistHomNLarger":0,"ageHistHetBinFreq":[0,0,0,0,0,0,0,0,0,0],"ageHistHetNSmaller":0,"ageHistHetNLarger":0},"depthInfo":{"dpHistAllNLarger":35855,"dpHistAltNLarger":0,"dpHistAllBinFreq":[0,0,216,1236,2310,2568,2964,3302,3802,4180],"dpHistAltBinFreq":[0,0,0,0,0,0,0,0,0,0]}}

