---
source: src/clinvar_minimal/cli/query.rs
expression: "&out_data"
---
{"release":"GRCh37","chromosome":"13","start":95227055,"stop":95227055,"reference":"A","alternative":"G","rcv":"RCV001756758","clinical_significance":2,"review_status":3}

