---
source: src/regions/cli/query.rs
expression: "&out_data"
---

