---
source: src/genes/cli/data.rs
expression: records
---
- gene_data:
    hgnc_id: "HGNC:13164"
    hgnc_symbol: CNBP
    gene_symbol: CNBP
  entity_type: str
  entity_name: CNBP_CCTG
  confidence_level: "1"
  penetrance: unknown
  publications: []
  evidence:
    - NHS GMS
    - Expert Review Red
    - Expert list
  phenotypes:
    - "Myotonic dystrophy 2, OMIM:602668"
    - "Myotonic dystrophy type 2, MONDO:0011266"
  mode_of_inheritance: "MONOALLELIC, autosomal or pseudoautosomal, NOT imprinted"
  panel:
    id: 229
    hash_id: 55c4a3ed22c1fc0fe5e416e9
    name: Skeletal Muscle Channelopathies
    disease_group: Neurology and neurodevelopmental disorders
    disease_sub_group: Channelopathies
    version: "1.45"
    version_created: "2022-03-10T17:10:13.493246Z"
    relevant_disorders: []
    stats:
      number_of_genes: 22
      number_of_strs: 2
      number_of_regions: 0
    types:
      - name: Rare Disease 100K
        slug: rare-disease-100k
        description: Rare Disease 100K
- gene_data:
    hgnc_id: "HGNC:2933"
    hgnc_symbol: DMPK
    gene_symbol: DMPK
  entity_type: str
  entity_name: DMPK_CTG
  confidence_level: "3"
  penetrance: unknown
  publications: []
  evidence:
    - Expert Review Green
    - NHS GMS
    - Expert list
  phenotypes:
    - "Myotonic dystrophy 1, OMIM:160900"
  mode_of_inheritance: "MONOALLELIC, autosomal or pseudoautosomal, NOT imprinted"
  panel:
    id: 229
    hash_id: 55c4a3ed22c1fc0fe5e416e9
    name: Skeletal Muscle Channelopathies
    disease_group: Neurology and neurodevelopmental disorders
    disease_sub_group: Channelopathies
    version: "1.45"
    version_created: "2022-03-10T17:10:13.493246Z"
    relevant_disorders: []
    stats:
      number_of_genes: 22
      number_of_strs: 2
      number_of_regions: 0
    types:
      - name: Rare Disease 100K
        slug: rare-disease-100k
        description: Rare Disease 100K
- gene_data:
    hgnc_id: "HGNC:2933"
    hgnc_symbol: DMPK
    gene_symbol: DMPK
  entity_type: str
  entity_name: DMPK_CTG
  confidence_level: "1"
  penetrance: unknown
  publications: []
  evidence:
    - NHS GMS
    - Expert Review Red
    - Expert list
  phenotypes:
    - "Myotonic dystrophy 1, OMIM:160900"
  mode_of_inheritance: "MONOALLELIC, autosomal or pseudoautosomal, NOT imprinted"
  panel:
    id: 144
    hash_id: 5763f4868f620350a199604f
    name: Fetal hydrops
    disease_group: Dysmorphic and congenital abnormality syndromes
    disease_sub_group: Fetal disorders
    version: "1.61"
    version_created: "2023-07-26T10:19:26.703341Z"
    relevant_disorders: []
    stats:
      number_of_genes: 91
      number_of_strs: 1
      number_of_regions: 0
    types:
      - name: Rare Disease 100K
        slug: rare-disease-100k
        description: Rare Disease 100K
- gene_data:
    hgnc_id: "HGNC:644"
    hgnc_symbol: AR
    gene_symbol: AR
  entity_type: str
  entity_name: AR_CAG
  confidence_level: "3"
  penetrance: unknown
  publications: []
  evidence:
    - Expert Review Green
    - NHS GMS
    - Expert list
  phenotypes:
    - "Spinal and bulbar muscular atrophy of Kennedy, OMIM:313200"
  mode_of_inheritance: "X-LINKED: hemizygous mutation in males, monoallelic mutations in females may cause disease (may be less severe, later onset than males)"
  panel:
    id: 235
    hash_id: 55b7a0bb22c1fc05fd2345d1
    name: Distal myopathies
    disease_group: Neurology and neurodevelopmental disorders
    disease_sub_group: Neuromuscular disorders
    version: "3.16"
    version_created: "2023-10-25T21:25:56.162797Z"
    relevant_disorders: []
    stats:
      number_of_genes: 31
      number_of_strs: 2
      number_of_regions: 0
    types:
      - name: Rare Disease 100K
        slug: rare-disease-100k
        description: Rare Disease 100K
      - name: Component Of Super Panel
        slug: component-of-super-panel
        description: This panel is a component of a Super Panel
      - name: GMS signed-off
        slug: gms-signed-off
        description: This panel has undergone review by a NHSE GMS disease specialist group and processes to be signed-off for use within the GMS.
- gene_data:
    hgnc_id: "HGNC:13164"
    hgnc_symbol: CNBP
    gene_symbol: CNBP
  entity_type: str
  entity_name: CNBP_CCTG
  confidence_level: "1"
  penetrance: unknown
  publications: []
  evidence:
    - NHS GMS
    - Expert Review Red
    - Expert list
  phenotypes:
    - "Myotonic dystrophy 2, OMIM:602668"
    - "Myotonic dystrophy type 2, MONDO:0011266"
  mode_of_inheritance: "MONOALLELIC, autosomal or pseudoautosomal, NOT imprinted"
  panel:
    id: 235
    hash_id: 55b7a0bb22c1fc05fd2345d1
    name: Distal myopathies
    disease_group: Neurology and neurodevelopmental disorders
    disease_sub_group: Neuromuscular disorders
    version: "3.16"
    version_created: "2023-10-25T21:25:56.162797Z"
    relevant_disorders: []
    stats:
      number_of_genes: 31
      number_of_strs: 2
      number_of_regions: 0
    types:
      - name: Rare Disease 100K
        slug: rare-disease-100k
        description: Rare Disease 100K
      - name: Component Of Super Panel
        slug: component-of-super-panel
        description: This panel is a component of a Super Panel
      - name: GMS signed-off
        slug: gms-signed-off
        description: This panel has undergone review by a NHSE GMS disease specialist group and processes to be signed-off for use within the GMS.

