---
source: src/genes/cli/data.rs
expression: records
---
- ensembl_gene_id: ENSG00000121410
  entrez_id: "1"
  gene_symbol: A1BG
  exp_lof: 43.008
  exp_mis: 646.45
  exp_syn: 295.68
  mis_z: -0.86948
  obs_lof: 45
  obs_mis: 707
  obs_syn: 316
  oe_lof: 1.0463
  oe_lof_lower: 0.823
  oe_lof_upper: 1.342
  oe_mis: 1.0937
  oe_mis_lower: 1.027
  oe_mis_upper: 1.164
  oe_syn: 1.0687
  oe_syn_lower: 0.974
  oe_syn_upper: 1.173
  pli: 0.00000000000000017129
  syn_z: -0.64437
- ensembl_gene_id: ENSG00000148584
  entrez_id: "29974"
  gene_symbol: A1CF
  exp_lof: 69.896
  exp_mis: 744.8
  exp_syn: 272.29
  mis_z: 1.2281
  obs_lof: 45
  obs_mis: 653
  obs_syn: 272
  oe_lof: 0.64381
  oe_lof_lower: 0.506
  oe_lof_upper: 0.825
  oe_mis: 0.87674
  oe_mis_lower: 0.821
  oe_mis_upper: 0.935
  oe_syn: 0.99895
  oe_syn_lower: 0.904
  oe_syn_upper: 1.104
  pli: 0.00000000074328
  syn_z: 0.0094264
- ensembl_gene_id: ENSG00000175899
  entrez_id: "2"
  gene_symbol: A2M
  exp_lof: 147.1
  exp_mis: 1631.7
  exp_syn: 624.65
  mis_z: 2.7451
  obs_lof: 95
  obs_mis: 1328
  obs_syn: 541
  oe_lof: 0.64584
  oe_lof_lower: 0.546
  oe_lof_upper: 0.766
  oe_mis: 0.81386
  oe_mis_lower: 0.777
  oe_mis_upper: 0.852
  oe_syn: 0.86608
  oe_syn_lower: 0.806
  oe_syn_upper: 0.93
  pli: 0.000000000000000000091331
  syn_z: 1.8251
- ensembl_gene_id: ENSG00000166535
  entrez_id: "144568"
  gene_symbol: A2ML1
  exp_lof: 175.89
  exp_mis: 1784.1
  exp_syn: 680.92
  mis_z: 1.6427
  obs_lof: 146
  obs_mis: 1594
  obs_syn: 636
  oe_lof: 0.83121
  oe_lof_lower: 0.725
  oe_lof_upper: 0.954
  oe_mis: 0.89347
  oe_mis_lower: 0.857
  oe_mis_upper: 0.931
  oe_syn: 0.93402
  oe_syn_lower: 0.874
  oe_syn_upper: 0.997
  pli: 0.00000000000000000000000000000000000000015734
  syn_z: 0.93881
- ensembl_gene_id: ENSG00000184389
  entrez_id: "127550"
  gene_symbol: A3GALT2
  exp_lof: 26.534
  exp_mis: 381.4
  exp_syn: 160.06
  mis_z: -4.0864
  obs_lof: 41
  obs_mis: 600
  obs_syn: 253
  oe_lof: 1.0228
  oe_lof_lower: 0.699
  oe_lof_upper: 1.53
  oe_mis: 1.5732
  oe_mis_lower: 1.471
  oe_mis_upper: 1.683
  oe_syn: 1.5807
  oe_syn_lower: 1.426
  oe_syn_upper: 1.754
  pli: 0.0000010075
  syn_z: -4.0061
- ensembl_gene_id: ENSG00000128274
  entrez_id: "53947"
  gene_symbol: A4GALT
  exp_lof: 21.691
  exp_mis: 494.59
  exp_syn: 225.34
  mis_z: -0.28586
  obs_lof: 22
  obs_mis: 512
  obs_syn: 257
  oe_lof: 0.61691
  oe_lof_lower: 0.303
  oe_lof_upper: 1.394
  oe_mis: 1.0352
  oe_mis_lower: 0.962
  oe_mis_upper: 1.114
  oe_syn: 1.1405
  oe_syn_lower: 1.029
  oe_syn_upper: 1.265
  pli: 0.075456
  syn_z: -1.1499
- ensembl_gene_id: ENSG00000118017
  entrez_id: "51146"
  gene_symbol: A4GNT
  exp_lof: 27.359
  exp_mis: 436.48
  exp_syn: 167.83
  mis_z: 1.0569
  obs_lof: 14
  obs_mis: 376
  obs_syn: 156
  oe_lof: 0.70139
  oe_lof_lower: 0.383
  oe_lof_upper: 1.377
  oe_mis: 0.86143
  oe_mis_lower: 0.791
  oe_mis_upper: 0.938
  oe_syn: 0.92954
  oe_syn_lower: 0.815
  oe_syn_upper: 1.062
  pli: 0.019099
  syn_z: 0.49778
- ensembl_gene_id: ENSG00000094914
  entrez_id: "8086"
  gene_symbol: AAAS
  exp_lof: 81.872
  exp_mis: 722.62
  exp_syn: 280.11
  mis_z: 0.87764
  obs_lof: 61
  obs_mis: 658
  obs_syn: 271
  oe_lof: 0.74507
  oe_lof_lower: 0.605
  oe_lof_upper: 0.922
  oe_mis: 0.91057
  oe_mis_lower: 0.853
  oe_mis_upper: 0.971
  oe_syn: 0.96747
  oe_syn_lower: 0.875
  oe_syn_upper: 1.07
  pli: 0.0000000000000008615
  syn_z: 0.29692
- ensembl_gene_id: ENSG00000081760
  entrez_id: "65985"
  gene_symbol: AACS
  exp_lof: 82.529
  exp_mis: 896.85
  exp_syn: 349.3
  mis_z: 0.4736
  obs_lof: 65
  obs_mis: 858
  obs_syn: 333
  oe_lof: 0.7876
  oe_lof_lower: 0.644
  oe_lof_upper: 0.968
  oe_mis: 0.95668
  oe_mis_lower: 0.904
  oe_mis_upper: 1.012
  oe_syn: 0.95333
  oe_syn_lower: 0.871
  oe_syn_upper: 1.044
  pli: 0.0000000000000000085337
  syn_z: 0.4756

